// Jest Snapshot v1, https://goo.gl/fbAQLP

exports[`should render ExamLowerNavigation correctly 1`] = `
<div>
  <div
    className="exam__navigation-container"
  >
    <WithStyles(Button)
      color="primary"
      onClick={[Function]}
      variant="contained"
    >
      <pure(send-icon) />
      שאלה קודמת
    </WithStyles(Button)>
    <WithStyles(Button)
      color="primary"
      onClick={[Function]}
      variant="contained"
    >
      שאלה הבאה
      <pure(send-icon) />
    </WithStyles(Button)>
  </div>
</div>
`;
