// Jest Snapshot v1, https://goo.gl/fbAQLP

exports[`should correctly render LoginPage 1`] = `
<div
  className="box-layout"
>
  <div
    className="box-layout__box"
  >
    <h1
      className="box-layout__title"
    >
      Boilerplate
    </h1>
    <p>
      Tag line for app.
    </p>
    <div
      className="login_buttons"
    >
      <button
        className="button button--google_login"
      >
        היכנסו עם גוגל
      </button>
      <button
        className="button button--facebook_login"
      >
        היכנסו עם פייסבוק
      </button>
      <Link
        replace={false}
        to="/dashboard"
      >
        הירשמ/י כאורח/ת
      </Link>
    </div>
  </div>
</div>
`;
